******************************************************************************
                  TI ARM Linker PC v16.9.4                     
******************************************************************************
>> Linked Sun Nov 05 18:29:40 2017

OUTPUT FILE NAME:   <eScooter.out>
ENTRY POINT SYMBOL: "_c_int00"  address: 0000282d


MEMORY CONFIGURATION

         name            origin    length      used     unused   attr    fill
----------------------  --------  ---------  --------  --------  ----  --------
  MAIN                  00000000   00040000  00002b3a  0003d4c6  R  X
  INFO                  00200000   00004000  00000000  00004000  R  X
  SRAM_CODE             01000000   00010000  00000658  0000f9a8  RW X
  SRAM_DATA             20000000   00010000  00000658  0000f9a8  RW  


SEGMENT ALLOCATION MAP

run origin  load origin   length   init length attrs members
----------  ----------- ---------- ----------- ----- -------
00000000    00000000    00002b40   00002b40    r-x
  00000000    00000000    000000e4   000000e4    r-- .intvecs
  000000e4    000000e4    00002964   00002964    r-x .text
  00002a48    00002a48    000000a2   000000a2    r-- .const
  00002af0    00002af0    00000050   00000050    r-- .cinit
20000000    20000000    00000459   00000000    rw-
  20000000    20000000    00000400   00000000    rw- .sysmem
  20000400    20000400    00000043   00000000    rw- .data
  20000444    20000444    00000015   00000000    rw- .bss
2000fe00    2000fe00    00000200   00000000    rw-
  2000fe00    2000fe00    00000200   00000000    rw- .stack


SECTION ALLOCATION MAP

 output                                  attributes/
section   page    origin      length       input sections
--------  ----  ----------  ----------   ----------------
.intvecs   0    00000000    000000e4     
                  00000000    000000e4     startup_msp432p401r_ccs.obj (.intvecs:retain)

.binit     0    00000000    00000000     

.text      0    000000e4    00002964     
                  000000e4    000009ac     rtsv7M4_T_le_v4SPD16_eabi.lib : e_pow.obj (.text)
                  00000a90    0000043c     other.obj (.text)
                  00000ecc    000003d0     rtsv7M4_T_le_v4SPD16_eabi.lib : memory.obj (.text)
                  0000129c    0000032c     system_msp432p401r.obj (.text)
                  000015c8    00000290     circbuf.obj (.text)
                  00001858    000001b6     rtsv7M4_T_le_v4SPD16_eabi.lib : fd_add_t2.obj (.text)
                  00001a0e    00000002                                   : mpu_init.obj (.text)
                  00001a10    00000174     timer.obj (.text)
                  00001b84    00000170     rtsv7M4_T_le_v4SPD16_eabi.lib : e_sqrt.obj (.text)
                  00001cf4    0000013c     adc.obj (.text)
                  00001e30    00000136     rtsv7M4_T_le_v4SPD16_eabi.lib : fd_div_t2.obj (.text)
                  00001f66    00000002                                   : startup.obj (.text)
                  00001f68    000000fc     port.obj (.text)
                  00002064    000000fc     rtsv7M4_T_le_v4SPD16_eabi.lib : fd_mul_t2.obj (.text)
                  00002160    000000fc                                   : s_scalbn.obj (.text)
                  0000225c    000000f8                                   : s_floor.obj (.text)
                  00002354    000000c0                                   : s_round.obj (.text)
                  00002414    000000ac     uart.obj (.text)
                  000024c0    0000009c     rtsv7M4_T_le_v4SPD16_eabi.lib : memcpy_t2.obj (.text)
                  0000255c    00000086                                   : fd_cmp_t2.obj (.text:__aeabi_cdcmple)
                  000025e2    00000086                                   : fd_cmp_t2.obj (.text:__aeabi_cdrcmple)
                  00002668    0000007a                                   : memset_t2.obj (.text)
                  000026e2    00000002     --HOLE-- [fill = 0]
                  000026e4    00000070                                   : autoinit.obj (.text)
                  00002754    0000006e                                   : fd_tos_t2.obj (.text)
                  000027c2    00000068                                   : copy_decompress_lzss.obj (.text:decompress:lzss)
                  0000282a    00000002     --HOLE-- [fill = 0]
                  0000282c    00000054                                   : boot.obj (.text)
                  00002880    00000054                                   : exit.obj (.text)
                  000028d4    0000004c                                   : cpy_tbl.obj (.text)
                  00002920    00000040     main.obj (.text)
                  00002960    00000038     rtsv7M4_T_le_v4SPD16_eabi.lib : fs_tod_t2.obj (.text)
                  00002998    0000002e                                   : i_tofd_t2.obj (.text)
                  000029c6    00000002     --HOLE-- [fill = 0]
                  000029c8    00000018                                   : args_main.obj (.text)
                  000029e0    00000014                                   : _lock.obj (.text)
                  000029f4    00000014                                   : s_copysign.obj (.text)
                  00002a08    00000014                                   : strlen.obj (.text)
                  00002a1c    0000000e                                   : copy_decompress_none.obj (.text:decompress:none)
                  00002a2a    0000000e     startup_msp432p401r_ccs.obj (.text)
                  00002a38    0000000c     rtsv7M4_T_le_v4SPD16_eabi.lib : copy_zero_init.obj (.text:decompress:ZI)
                  00002a44    00000004                                   : pre_init.obj (.text)

.const     0    00002a48    000000a2     
                  00002a48    00000064     other.obj (.const:.string:$P$T0$1)
                  00002aac    00000004     --HOLE-- [fill = 0]
                  00002ab0    00000030     rtsv7M4_T_le_v4SPD16_eabi.lib : e_pow.obj (.const:$O1$$)
                  00002ae0    0000000a     other.obj (.const:.string:$P$T1$2)

.cinit     0    00002af0    00000050     
                  00002af0    00000025     (.cinit..data.load) [load image, compression = lzss]
                  00002b15    00000003     --HOLE-- [fill = 0]
                  00002b18    0000000c     (__TI_handler_table)
                  00002b24    00000004     --HOLE-- [fill = 0]
                  00002b28    00000008     (.cinit..bss.load) [load image, compression = zero_init]
                  00002b30    00000010     (__TI_cinit_table)

.init_array 
*          0    00000000    00000000     UNINITIALIZED

.sysmem    0    20000000    00000400     UNINITIALIZED
                  20000000    00000008     rtsv7M4_T_le_v4SPD16_eabi.lib : memory.obj (.sysmem)
                  20000008    000003f8     --HOLE--

.data      0    20000400    00000043     UNINITIALIZED
                  20000400    00000014     main.obj (.data)
                  20000414    0000000c     rtsv7M4_T_le_v4SPD16_eabi.lib : exit.obj (.data:$O1$$)
                  20000420    0000000c                                   : memory.obj (.data:$O1$$)
                  2000042c    00000008                                   : _lock.obj (.data:$O1$$)
                  20000434    00000004                                   : errno.obj (.data)
                  20000438    00000004                                   : stkdepth_vars.obj (.data)
                  2000043c    00000004     system_msp432p401r.obj (.data)
                  20000440    00000002     adc.obj (.data)
                  20000442    00000001     timer.obj (.data)

.bss       0    20000444    00000015     UNINITIALIZED
                  20000444    00000014     (.common:velocity)
                  20000458    00000001     (.common:direction)

.stack     0    2000fe00    00000200     UNINITIALIZED
                  2000fe00    00000200     --HOLE--

MODULE SUMMARY

       Module                        code    ro data   rw data
       ------                        ----    -------   -------
    .\
       other.obj                     1084    110       0      
       system_msp432p401r.obj        812     0         8      
       circbuf.obj                   656     0         0      
       timer.obj                     372     0         2      
       adc.obj                       316     0         4      
       port.obj                      252     0         0      
       startup_msp432p401r_ccs.obj   14      228       0      
       uart.obj                      172     0         0      
       main.obj                      64      0         82     
    +--+-----------------------------+-------+---------+---------+
       Total:                        3742    338       96     
                                                              
    D:\ti\ccsv7\tools\compiler\ti-cgt-arm_16.9.4.LTS\lib\rtsv7M4_T_le_v4SPD16_eabi.lib
       e_pow.obj                     2476    48        0      
       memory.obj                    976     0         24     
       fd_add_t2.obj                 438     0         0      
       e_sqrt.obj                    368     0         0      
       fd_div_t2.obj                 310     0         0      
       fd_cmp_t2.obj                 268     0         0      
       fd_mul_t2.obj                 252     0         0      
       s_scalbn.obj                  252     0         0      
       s_floor.obj                   248     0         0      
       s_round.obj                   192     0         0      
       memcpy_t2.obj                 156     0         0      
       memset_t2.obj                 122     0         0      
       autoinit.obj                  112     0         0      
       fd_tos_t2.obj                 110     0         0      
       exit.obj                      84      0         24     
       copy_decompress_lzss.obj      104     0         0      
       boot.obj                      84      0         0      
       cpy_tbl.obj                   76      0         0      
       fs_tod_t2.obj                 56      0         0      
       i_tofd_t2.obj                 46      0         0      
       _lock.obj                     20      0         16     
       args_main.obj                 24      0         0      
       s_copysign.obj                20      0         0      
       strlen.obj                    20      0         0      
       copy_decompress_none.obj      14      0         0      
       copy_zero_init.obj            12      0         0      
       errno.obj                     0       0         8      
       stkdepth_vars.obj             0       0         8      
       pre_init.obj                  4       0         0      
       mpu_init.obj                  2       0         0      
       startup.obj                   2       0         0      
    +--+-----------------------------+-------+---------+---------+
       Total:                        6848    48        80     
                                                              
       Heap:                         0       0         2048   
       Stack:                        0       0         1024   
       Linker Generated:             0       73        0      
    +--+-----------------------------+-------+---------+---------+
       Grand Total:                  10590   459       3248   


LINKER GENERATED COPY TABLES

__TI_cinit_table @ 00002b30 records: 2, size/record: 8, table size: 16
	.data: load addr=00002af0, load size=00000025 bytes, run addr=20000400, run size=00000043 bytes, compression=lzss
	.bss: load addr=00002b28, load size=00000008 bytes, run addr=20000444, run size=00000015 bytes, compression=zero_init


LINKER GENERATED HANDLER TABLE

__TI_handler_table @ 00002b18 records: 3, size/record: 4, table size: 12
	index: 0, handler: __TI_decompress_lzss
	index: 1, handler: __TI_decompress_none
	index: 2, handler: __TI_zero_init


GLOBAL SYMBOLS: SORTED ALPHABETICALLY BY Name 

address   name                           
-------   ----                           
00001d9d  ADC14_IRQHandler               
00001d9d  ADC14_IRQHandler               
00002a37  AES256_IRQHandler              
00002a37  BusFault_Handler               
00002881  C$$EXIT                        
00001709  CB_add_item_to_buffer          
00001631  CB_clear_buffer                
000017df  CB_copy_buffer                 
00001699  CB_delete_buffer               
000015c9  CB_initialize_buffer           
000016eb  CB_is_buffer_empty             
000016c7  CB_is_buffer_full              
0000176f  CB_remove_item_from_buffer     
00002a37  COMP_E0_IRQHandler             
00002a37  COMP_E1_IRQHandler             
00002a37  CS_IRQHandler                  
00000a91  CalcTransmit                   
00002a37  DMA_ERR_IRQHandler             
00002a37  DMA_INT0_IRQHandler            
00002a37  DMA_INT1_IRQHandler            
00002a37  DMA_INT2_IRQHandler            
00002a37  DMA_INT3_IRQHandler            
00002a37  DebugMon_Handler               
00002a37  Default_Handler                
00002a37  EUSCIA0_IRQHandler             
00002a37  EUSCIA1_IRQHandler             
00002a37  EUSCIA2_IRQHandler             
00002a37  EUSCIA3_IRQHandler             
00002a37  EUSCIB0_IRQHandler             
00002a37  EUSCIB1_IRQHandler             
00002a37  EUSCIB2_IRQHandler             
00002a37  EUSCIB3_IRQHandler             
00002a37  FLCTL_IRQHandler               
00002a37  FPU_IRQHandler                 
00001f95  GPIO_configure                 
00002a37  HardFault_Handler              
00002a37  MemManage_Handler              
00002a37  NMI_Handler                    
20000408  NewTick                        
20000404  OldTick                        
00002a37  PCM_IRQHandler                 
0000200b  PORT1_IRQHandler               
0000200b  PORT1_IRQHandler               
00002a37  PORT2_IRQHandler               
00002a37  PORT3_IRQHandler               
00002a37  PORT4_IRQHandler               
00002a37  PORT5_IRQHandler               
00002a37  PORT6_IRQHandler               
00002a37  PSS_IRQHandler                 
00002a37  PendSV_Handler                 
00002a37  RTC_C_IRQHandler               
00002a2b  Reset_Handler                  
UNDEFED   SHT$$INIT_ARRAY$$Base          
UNDEFED   SHT$$INIT_ARRAY$$Limit         
00002a37  SVC_Handler                    
00002a37  SysTick_Handler                
2000043c  SystemCoreClock                
0000129d  SystemCoreClockUpdate          
00001511  SystemInit                     
00002a37  T32_INT1_IRQHandler            
00002a37  T32_INT2_IRQHandler            
00002a37  T32_INTC_IRQHandler            
00001abb  TA0_0_IRQHandler               
00001abb  TA0_0_IRQHandler               
00002a37  TA0_N_IRQHandler               
00002a37  TA1_0_IRQHandler               
00002a37  TA1_N_IRQHandler               
00002a37  TA2_0_IRQHandler               
00002a37  TA2_N_IRQHandler               
00002a37  TA3_0_IRQHandler               
00002a37  TA3_N_IRQHandler               
00002491  UART_send_byte                 
00002461  UART_send_n                    
00002a37  UsageFault_Handler             
20000410  Vpointer                       
4000480c  WDTCTL_SYM                     
00002a37  WDT_A_IRQHandler               
20010000  __STACK_END                    
00000200  __STACK_SIZE                   
00000400  __SYSMEM_SIZE                  
00002b30  __TI_CINIT_Base                
00002b40  __TI_CINIT_Limit               
00002b18  __TI_Handler_Table_Base        
00002b24  __TI_Handler_Table_Limit       
000026e5  __TI_auto_init                 
20000414  __TI_cleanup_ptr               
000027c3  __TI_decompress_lzss           
00002a1d  __TI_decompress_none           
20000418  __TI_dtors_ptr                 
2000041c  __TI_enable_exit_profile_output
ffffffff  __TI_pprof_out_hndl            
ffffffff  __TI_prof_data_size            
ffffffff  __TI_prof_data_start           
00000000  __TI_static_base__             
00002a39  __TI_zero_init                 
0000255d  __aeabi_cdcmpeq                
0000255d  __aeabi_cdcmple                
000025e3  __aeabi_cdrcmple               
00002755  __aeabi_d2f                    
00001863  __aeabi_dadd                   
00001e31  __aeabi_ddiv                   
00002065  __aeabi_dmul                   
00001859  __aeabi_dsub                   
00002961  __aeabi_f2d                    
00002999  __aeabi_i2d                    
00002669  __aeabi_memclr                 
00002669  __aeabi_memclr4                
00002669  __aeabi_memclr8                
000024c1  __aeabi_memcpy                 
000024c1  __aeabi_memcpy4                
000024c1  __aeabi_memcpy8                
0000266b  __aeabi_memset                 
0000266b  __aeabi_memset4                
0000266b  __aeabi_memset8                
ffffffff  __binit__                      
ffffffff  __c_args__                     
00001a0f  __mpu_init                     
2000fe00  __stack                        
000029c9  _args_main                     
0000282d  _c_int00                       
2000042c  _lock                          
000029ef  _nop                           
000029e7  _register_lock                 
000029e1  _register_unlock               
20000000  _sys_memory                    
00001f67  _system_post_cinit             
00002a45  _system_pre_init               
20000430  _unlock                        
00002885  abort                          
00001d21  adc_config                     
0000244f  baud115200                     
ffffffff  binit                          
0000126d  calloc                         
000028d5  copy_in                        
000029f5  copysign                       
000029f5  copysignl                      
20000458  direction                      
20000434  errno                          
0000288d  exit                           
2000040c  flag                           
0000225d  floor                          
0000225d  floorl                         
00000fb7  free                           
00000dfd  ftoa                           
20000442  intCount                       
00000d01  intToStr                       
00000000  interruptVectors               
00000c3b  itoa                           
00002161  ldexp                          
00002161  ldexpl                         
00002921  main                           
20000438  main_func_sp                   
00000f4d  malloc                         
00001181  memalign                       
000024c1  memcpy                         
00002671  memset                         
00000ecd  minit                          
000000e5  pow                            
000000e5  powl                           
20000440  previous                       
00001079  realloc                        
00000c9d  rev                            
00000be5  reverse                        
00002355  round                          
00002355  roundl                         
00002161  scalbn                         
00002161  scalbnl                        
00001b85  sqrt                           
00001b85  sqrtl                          
00002a09  strlen                         
20000400  tick                           
00001a3d  timer_config                   
00002415  uart_config                    
20000444  velocity                       


GLOBAL SYMBOLS: SORTED BY Symbol Address 

address   name                           
-------   ----                           
00000000  __TI_static_base__             
00000000  interruptVectors               
000000e5  pow                            
000000e5  powl                           
00000200  __STACK_SIZE                   
00000400  __SYSMEM_SIZE                  
00000a91  CalcTransmit                   
00000be5  reverse                        
00000c3b  itoa                           
00000c9d  rev                            
00000d01  intToStr                       
00000dfd  ftoa                           
00000ecd  minit                          
00000f4d  malloc                         
00000fb7  free                           
00001079  realloc                        
00001181  memalign                       
0000126d  calloc                         
0000129d  SystemCoreClockUpdate          
00001511  SystemInit                     
000015c9  CB_initialize_buffer           
00001631  CB_clear_buffer                
00001699  CB_delete_buffer               
000016c7  CB_is_buffer_full              
000016eb  CB_is_buffer_empty             
00001709  CB_add_item_to_buffer          
0000176f  CB_remove_item_from_buffer     
000017df  CB_copy_buffer                 
00001859  __aeabi_dsub                   
00001863  __aeabi_dadd                   
00001a0f  __mpu_init                     
00001a3d  timer_config                   
00001abb  TA0_0_IRQHandler               
00001abb  TA0_0_IRQHandler               
00001b85  sqrt                           
00001b85  sqrtl                          
00001d21  adc_config                     
00001d9d  ADC14_IRQHandler               
00001d9d  ADC14_IRQHandler               
00001e31  __aeabi_ddiv                   
00001f67  _system_post_cinit             
00001f95  GPIO_configure                 
0000200b  PORT1_IRQHandler               
0000200b  PORT1_IRQHandler               
00002065  __aeabi_dmul                   
00002161  ldexp                          
00002161  ldexpl                         
00002161  scalbn                         
00002161  scalbnl                        
0000225d  floor                          
0000225d  floorl                         
00002355  round                          
00002355  roundl                         
00002415  uart_config                    
0000244f  baud115200                     
00002461  UART_send_n                    
00002491  UART_send_byte                 
000024c1  __aeabi_memcpy                 
000024c1  __aeabi_memcpy4                
000024c1  __aeabi_memcpy8                
000024c1  memcpy                         
0000255d  __aeabi_cdcmpeq                
0000255d  __aeabi_cdcmple                
000025e3  __aeabi_cdrcmple               
00002669  __aeabi_memclr                 
00002669  __aeabi_memclr4                
00002669  __aeabi_memclr8                
0000266b  __aeabi_memset                 
0000266b  __aeabi_memset4                
0000266b  __aeabi_memset8                
00002671  memset                         
000026e5  __TI_auto_init                 
00002755  __aeabi_d2f                    
000027c3  __TI_decompress_lzss           
0000282d  _c_int00                       
00002881  C$$EXIT                        
00002885  abort                          
0000288d  exit                           
000028d5  copy_in                        
00002921  main                           
00002961  __aeabi_f2d                    
00002999  __aeabi_i2d                    
000029c9  _args_main                     
000029e1  _register_unlock               
000029e7  _register_lock                 
000029ef  _nop                           
000029f5  copysign                       
000029f5  copysignl                      
00002a09  strlen                         
00002a1d  __TI_decompress_none           
00002a2b  Reset_Handler                  
00002a37  AES256_IRQHandler              
00002a37  BusFault_Handler               
00002a37  COMP_E0_IRQHandler             
00002a37  COMP_E1_IRQHandler             
00002a37  CS_IRQHandler                  
00002a37  DMA_ERR_IRQHandler             
00002a37  DMA_INT0_IRQHandler            
00002a37  DMA_INT1_IRQHandler            
00002a37  DMA_INT2_IRQHandler            
00002a37  DMA_INT3_IRQHandler            
00002a37  DebugMon_Handler               
00002a37  Default_Handler                
00002a37  EUSCIA0_IRQHandler             
00002a37  EUSCIA1_IRQHandler             
00002a37  EUSCIA2_IRQHandler             
00002a37  EUSCIA3_IRQHandler             
00002a37  EUSCIB0_IRQHandler             
00002a37  EUSCIB1_IRQHandler             
00002a37  EUSCIB2_IRQHandler             
00002a37  EUSCIB3_IRQHandler             
00002a37  FLCTL_IRQHandler               
00002a37  FPU_IRQHandler                 
00002a37  HardFault_Handler              
00002a37  MemManage_Handler              
00002a37  NMI_Handler                    
00002a37  PCM_IRQHandler                 
00002a37  PORT2_IRQHandler               
00002a37  PORT3_IRQHandler               
00002a37  PORT4_IRQHandler               
00002a37  PORT5_IRQHandler               
00002a37  PORT6_IRQHandler               
00002a37  PSS_IRQHandler                 
00002a37  PendSV_Handler                 
00002a37  RTC_C_IRQHandler               
00002a37  SVC_Handler                    
00002a37  SysTick_Handler                
00002a37  T32_INT1_IRQHandler            
00002a37  T32_INT2_IRQHandler            
00002a37  T32_INTC_IRQHandler            
00002a37  TA0_N_IRQHandler               
00002a37  TA1_0_IRQHandler               
00002a37  TA1_N_IRQHandler               
00002a37  TA2_0_IRQHandler               
00002a37  TA2_N_IRQHandler               
00002a37  TA3_0_IRQHandler               
00002a37  TA3_N_IRQHandler               
00002a37  UsageFault_Handler             
00002a37  WDT_A_IRQHandler               
00002a39  __TI_zero_init                 
00002a45  _system_pre_init               
00002b18  __TI_Handler_Table_Base        
00002b24  __TI_Handler_Table_Limit       
00002b30  __TI_CINIT_Base                
00002b40  __TI_CINIT_Limit               
20000000  _sys_memory                    
20000400  tick                           
20000404  OldTick                        
20000408  NewTick                        
2000040c  flag                           
20000410  Vpointer                       
20000414  __TI_cleanup_ptr               
20000418  __TI_dtors_ptr                 
2000041c  __TI_enable_exit_profile_output
2000042c  _lock                          
20000430  _unlock                        
20000434  errno                          
20000438  main_func_sp                   
2000043c  SystemCoreClock                
20000440  previous                       
20000442  intCount                       
20000444  velocity                       
20000458  direction                      
2000fe00  __stack                        
20010000  __STACK_END                    
4000480c  WDTCTL_SYM                     
ffffffff  __TI_pprof_out_hndl            
ffffffff  __TI_prof_data_size            
ffffffff  __TI_prof_data_start           
ffffffff  __binit__                      
ffffffff  __c_args__                     
ffffffff  binit                          
UNDEFED   SHT$$INIT_ARRAY$$Base          
UNDEFED   SHT$$INIT_ARRAY$$Limit         

[174 symbols]
